// Jest Snapshot v1, https://goo.gl/fbAQLP

exports[`renders DataConnector view 1`] = `
<div
  className="ui container data-connector-view"
>
  <h2>
    Data connector
  </h2>
  <pre>
    SELECT * FROM [FISE].[latest].[v_cnct_forest_per_capita]
  </pre>
  <pre />
  <div
    style={
      Object {
        "overflow": "auto",
        "width": "100%",
      }
    }
  >
    <table
      className="ui striped left aligned table"
    >
      <thead
        className=""
      >
        <tr
          className=""
        >
          <th
            className=""
          >
            col_1
          </th>
          <th
            className=""
          >
            col_2
          </th>
          <th
            className=""
          >
            col_3
          </th>
          <th
            className=""
          >
            col_4
          </th>
        </tr>
      </thead>
      <tbody
        className=""
      >
        <tr
          className=""
        >
          <td
            className=""
          >
            1
          </td>
          <td
            className=""
          >
            1
          </td>
          <td
            className=""
          >
            1
          </td>
          <td
            className=""
          >
            1
          </td>
        </tr>
        <tr
          className=""
        >
          <td
            className=""
          >
            2
          </td>
          <td
            className=""
          >
            2
          </td>
          <td
            className=""
          >
            2
          </td>
          <td
            className=""
          >
            2
          </td>
        </tr>
        <tr
          className=""
        >
          <td
            className=""
          >
            3
          </td>
          <td
            className=""
          >
            3
          </td>
          <td
            className=""
          >
            3
          </td>
          <td
            className=""
          >
            3
          </td>
        </tr>
        <tr
          className=""
        >
          <td
            className=""
          >
            4
          </td>
          <td
            className=""
          >
            4
          </td>
          <td
            className=""
          >
            4
          </td>
          <td
            className=""
          >
            4
          </td>
        </tr>
        <tr
          className=""
        >
          <td
            className=""
          >
            5
          </td>
          <td
            className=""
          >
            5
          </td>
          <td
            className=""
          >
            5
          </td>
          <td
            className=""
          >
            5
          </td>
        </tr>
        <tr
          className=""
        >
          <td
            className=""
          >
            6
          </td>
          <td
            className=""
          >
            6
          </td>
          <td
            className=""
          >
            6
          </td>
          <td
            className=""
          >
            6
          </td>
        </tr>
        <tr
          className=""
        >
          <td
            className=""
          >
            7
          </td>
          <td
            className=""
          >
            7
          </td>
          <td
            className=""
          >
            7
          </td>
          <td
            className=""
          >
            7
          </td>
        </tr>
        <tr
          className=""
        >
          <td
            className=""
          >
            8
          </td>
          <td
            className=""
          >
            8
          </td>
          <td
            className=""
          >
            8
          </td>
          <td
            className=""
          >
            8
          </td>
        </tr>
        <tr
          className=""
        >
          <td
            className=""
          >
            9
          </td>
          <td
            className=""
          >
            9
          </td>
          <td
            className=""
          >
            9
          </td>
          <td
            className=""
          >
            9
          </td>
        </tr>
        <tr
          className=""
        >
          <td
            className=""
          >
            10
          </td>
          <td
            className=""
          >
            10
          </td>
          <td
            className=""
          >
            10
          </td>
          <td
            className=""
          >
            10
          </td>
        </tr>
      </tbody>
      <tfoot
        className=""
      >
        <tr
          className=""
        >
          <th
            className=""
            colSpan={4}
            style={
              Object {
                "textAlign": "center",
              }
            }
          >
            <div
              className="ui pagination menu"
            >
              <a
                className="disabled icon item"
                onClick={[Function]}
              >
                <p>
                  This is an icon
                </p>
              </a>
              <div
                className="fitted item"
                onClick={[Function]}
              >
                <div
                  className="ui tiny active disabled inline loader"
                />
              </div>
              <a
                className="icon item"
                onClick={[Function]}
              >
                <p>
                  This is an icon
                </p>
              </a>
            </div>
          </th>
        </tr>
      </tfoot>
    </table>
  </div>
</div>
`;
